// Jest Snapshot v1, https://goo.gl/fbAQLP

exports[`Step should create a step with all properties 1`] = `
{
  "continueOnError": true,
  "env": {
    "NODE_ENV": "production",
  },
  "id": "TestStepWithAllProps",
  "if": "success()",
  "name": "Build Project",
  "run": undefined,
  "shell": undefined,
  "timeoutMinutes": 10,
  "uses": "actions/setup-node@v2",
  "with": {
    "version": "14",
  },
  "workingDirectory": undefined,
}
`;

exports[`Step should create a step with minimal properties 1`] = `
{
  "continueOnError": undefined,
  "env": undefined,
  "id": "TestStep",
  "if": undefined,
  "name": "Install dependencies",
  "run": "npm install",
  "shell": undefined,
  "timeoutMinutes": undefined,
  "uses": undefined,
  "with": undefined,
  "workingDirectory": undefined,
}
`;
